// Jest Snapshot v1, https://goo.gl/fbAQLP

exports[`StoreLocatorBlockEdit component matches snapshot 1`] = `
<DocumentFragment>
  <div
    aria-label="Block: undefined"
    class="block-editor-block-list__block wp-block"
    id="block-undefined"
    role="document"
    tabindex="0"
  >
    <div
      class="components-resizable-box__container store-locator-widget-block__resize-container "
      style="position: absolute; user-select: auto; top: 0px; left: 0px; right: 0px; bottom: 0px; width: auto; height: 300px; min-height: 250px; box-sizing: border-box; flex-shrink: 0;"
    >
      <div>
        <div
          class="components-resizable-box__handle components-resizable-box__side-handle components-resizable-box__handle-bottom"
          style="position: absolute; user-select: none; cursor: row-resize;"
        />
      </div>
    </div>
    <div
      id="storeLocatorWidgetEdit"
    />
  </div>
</DocumentFragment>
`;
